Microchip MPLAB XC8 PIC(R) Assembler V2.46

Linker command line:

-W-3 \
  --edf=C:\Program Files\Microchip\xc8\v2.46\pic\dat\20240104201356_en.msgs \
  -cs -h+ButtonBounce.sym --cmf=ButtonBounce.cmf -z -Q16F1503 \
  -oC:\users\mike\AppData\Local\Temp\xcAs9cc.\driver_tmp_3.o -pPOR_Vec=0h \
  -pISR_Vec=4 --fixupoverflow=error -ver=XC8 PIC(R) Assembler \
  --fixupoverflow=lstwarn -MButtonBounce.map -E1 --acfsm=1493 \
  -ACODE=00h-07FFh -ASTRCODE=00h-07FFh -ASTRING=00h-0FFhx8 \
  -ACONST=00h-0FFhx8 -AENTRY=00h-0FFhx8 -ACOMMON=070h-07Fh \
  -ABANK0=020h-06Fh -ABANK1=0A0h-0BFh -ABIGRAM=02000h-0206Fh \
  -ARAM=020h-06Fh,0A0h-0BFh -AABS1=020h-07Fh,0A0h-0BFh -ASFR0=00h-01Fh \
  -ASFR1=080h-09Fh -ASFR2=0100h-016Fh -ASFR3=0180h-01EFh -ASFR4=0200h-026Fh \
  -ASFR5=0280h-02EFh -ASFR6=0300h-036Fh -ASFR7=0380h-03EFh \
  -ASFR8=0400h-046Fh -ASFR9=0480h-04EFh -ASFR10=0500h-056Fh \
  -ASFR11=0580h-05EFh -ASFR12=0600h-066Fh -ASFR13=0680h-06EFh \
  -ASFR14=0700h-076Fh -ASFR15=0780h-07EFh -ASFR16=0800h-086Fh \
  -ASFR17=0880h-08EFh -ASFR18=0900h-096Fh -ASFR19=0980h-09EFh \
  -ASFR20=0A00h-0A6Fh -ASFR21=0A80h-0AEFh -ASFR22=0B00h-0B6Fh \
  -ASFR23=0B80h-0BEFh -ASFR24=0C00h-0C6Fh -ASFR25=0C80h-0CEFh \
  -ASFR26=0D00h-0D6Fh -ASFR27=0D80h-0DEFh -ASFR28=0E00h-0E6Fh \
  -ASFR29=0E80h-0EEFh -ASFR30=0F00h-0F6Fh -ASFR31=0F80h-0FEFh \
  -ACONFIG=08007h-08008h -DCONFIG=2 -AIDLOC=08000h-08003h -DIDLOC=2 \
  -DCODE=2 -DSTRCODE=2 -DSTRING=2 -DCONST=2 -DENTRY=2 ButtonBounce.o \
  C:\MJB\Dev\repo\pic16f1503/1503libs\TimerLib.X.a 

Object code version is 3.11

Machine type is 16F1503



                Name                               Link     Load   Length Selector   Space Scale
ButtonBounce.o  config                             8007     8007        2        0       4
                ISR_Vec                               4        4       1A        8       0
                POR_Vec                               0        0        1        0       0
                code                                 C8       C8       3E        8       0
                udata_shr                            70       70        7       70       1

C:\MJB\Dev\repo\pic16f1503/1503libs\TimerLib.X.a
timer.o         TimerMain                            1E       1E       AA        8       0

TOTAL           Name                               Link     Load   Length     Space
        CLASS   CODE           
                ISR_Vec                               4        4       1A         0
                POR_Vec                               0        0        1         0
                code                                 C8       C8       3E         0
                TimerMain                            1E       1E       AA         0

        CLASS   STRCODE        

        CLASS   STRING         

        CLASS   CONST          

        CLASS   ENTRY          

        CLASS   COMMON         
                udata_shr                            70       70        7         1

        CLASS   BANK0          

        CLASS   BANK1          

        CLASS   BIGRAM         

        CLASS   RAM            

        CLASS   ABS1           

        CLASS   SFR0           

        CLASS   SFR1           

        CLASS   SFR2           

        CLASS   SFR3           

        CLASS   SFR4           

        CLASS   SFR5           

        CLASS   SFR6           

        CLASS   SFR7           

        CLASS   SFR8           

        CLASS   SFR9           

        CLASS   SFR10          

        CLASS   SFR11          

        CLASS   SFR12          

        CLASS   SFR13          

        CLASS   SFR14          

        CLASS   SFR15          

        CLASS   SFR16          

        CLASS   SFR17          

        CLASS   SFR18          

        CLASS   SFR19          

        CLASS   SFR20          

        CLASS   SFR21          

        CLASS   SFR22          

        CLASS   SFR23          

        CLASS   SFR24          

        CLASS   SFR25          

        CLASS   SFR26          

        CLASS   SFR27          

        CLASS   SFR28          

        CLASS   SFR29          

        CLASS   SFR30          

        CLASS   SFR31          

        CLASS   CONFIG         
                config                             8007     8007        2         4

        CLASS   IDLOC          



SEGMENTS        Name                           Load    Length   Top    Selector   Space  Class     Delta

                POR_Vec                        000000  000001  000001         0       0  CODE        2
                ISR_Vec                        000004  000102  000106         8       0  CODE        2
                udata_shr                      000070  000007  000077        70       1  COMMON      1


UNUSED ADDRESS RANGES

        Name                Unused          Largest block    Delta
        BANK0            00020-0006F              50           1
        BANK1            000A0-000BF              20           1
        BIGRAM           02000-0206F              70           1
        CODE             00001-00003               3           2
                         00106-007FF             6FA
        COMMON           00077-0007F               9           1
        CONST            00001-00003               3           2
                         00106-007FF             100
        ENTRY            00001-00003               3           2
                         00106-007FF             100
        IDLOC            08000-08003               4           2
        RAM              00020-0006F              50           1
                         000A0-000BF              20
        SFR0             00002-00007               6           1
        SFR10            00500-0056F              70           1
        SFR11            00580-005EF              70           1
        SFR12            00600-0066F              70           1
        SFR13            00680-006EF              70           1
        SFR14            00700-0076F              70           1
        SFR15            00780-007EF              70           1
        SFR16            00800-0086F              70           1
        SFR17            00880-008EF              70           1
        SFR18            00900-0096F              70           1
        SFR19            00980-009EF              70           1
        SFR20            00A00-00A6F              70           1
        SFR21            00A80-00AEF              70           1
        SFR22            00B00-00B6F              70           1
        SFR23            00B80-00BEF              70           1
        SFR24            00C00-00C6F              70           1
        SFR25            00C80-00CEF              70           1
        SFR26            00D00-00D6F              70           1
        SFR27            00D80-00DEF              70           1
        SFR28            00E00-00E6F              70           1
        SFR29            00E80-00EEF              70           1
        SFR30            00F00-00F6F              70           1
        SFR31            00F80-00FEF              70           1
        SFR4             0020C-0026F              64           1
        SFR5             00280-002EF              70           1
        SFR6             00300-0036F              70           1
        SFR7             00380-003EF              70           1
        SFR8             00400-0046F              70           1
        SFR9             00480-004EF              70           1
        STRCODE          00001-00003               3           2
                         00106-007FF             6FA
        STRING           00001-00003               3           2
                         00106-007FF             100

                                  Symbol Table

ISR_Vec         ISR_Vec      00004  __HISR_Vec      ISR_Vec      0001E
__HPOR_Vec      POR_Vec      00001  __HTimerMain    TimerMain    0003C
__H__absolute__ __absolute__ 00000  __Hcode         code         0003C
__Hconfig       config       08009  __Hdata         data         0003C
__Hspace_0      (abs)        00106  __Hspace_1      (abs)        00077
__Hspace_4      (abs)        10010  __Hudata        udata        0003C
__Hudata_bank0  udata_bank0  0003C  __Hudata_bank1  udata_bank1  0003C
__Hudata_shr    udata_shr    0003C  __LISR_Vec      ISR_Vec      00004
__LPOR_Vec      POR_Vec      00000  __LTimerMain    TimerMain    0003C
__L__absolute__ __absolute__ 00000  __Lcode         code         0003C
__Lconfig       config       00000  __Ldata         data         0003C
__Lspace_0      (abs)        00000  __Lspace_1      (abs)        00000
__Lspace_4      (abs)        00000  __Ludata        udata        0003C
__Ludata_bank0  udata_bank0  0003C  __Ludata_bank1  udata_bank1  0003C
__Ludata_shr    udata_shr    0003C  __S0            (abs)        00106
__S1            (abs)        00077  d1              udata_shr    00070
d2              udata_shr    00071  d3              udata_shr    00072
delay100ms      TimerMain    00046  delay10s        TimerMain    000B9
delay150ms      TimerMain    00023  delay1s         TimerMain    0009C
delay200ms      TimerMain    00054  delay300ms      TimerMain    00061
delay400ms      TimerMain    0006F  delay500ms      TimerMain    0007D
delay50ms       TimerMain    00030  delay5s         TimerMain    000AA
delay5us        TimerMain    0001E  delay700ms      TimerMain    0008C
delay70ms       TimerMain    0003B  resetVec        POR_Vec      00000
